
============================================================
Launch + seed (autonomous)
============================================================
[harness +   0.0s] tmp user dir: /var/folders/k6/9x09x1p163l643qc5x0dvr_w0000gn/T/melee_harness_jwss39m2 (UsePanicHandlers=False)
[harness +   0.0s] launching Dolphin
[harness +   0.0s] Dolphin launched (pid 10028); log -> /Users/andrewashman/Desktop/melee/dolphin.log
[harness +   4.6s] dme hooked on attempt 9
[harness +   4.6s] auto-loading savestate via synthetic F2
[harness +   7.1s] CPU live (power-on counter 0 -> 5)
[harness +   9.2s] sent synthetic F2 (attempt 1)
[harness +   9.5s] in-game detected (P1 entity ptr 0x80C7D260)
[harness +   9.7s] snapshotted MEM1 (25165824 bytes)
[harness +  10.7s] frame counter live at 0x804D7420
  P1 char=0x12 action=0x000E
  P2 char=0x01 action=0x000E

============================================================
Trial 1: vanilla (no macro). Force Marth Catch, watch Fox.
============================================================
[harness +  10.8s] restored MEM1 snapshot
trigger frame: 4059
per-frame snapshot:
  f=  4058  p1=0x000E  p2=0x000E
  f=  4059  p1=0x00D4  p2=0x000E <-- trigger
  f=  4060  p1=0x00D4  p2=0x000E
  f=  4061  p1=0x00D4  p2=0x000E
  f=  4062  p1=0x00D4  p2=0x000E
  f=  4063  p1=0x00D4  p2=0x000E
  f=  4064  p1=0x00D4  p2=0x000E
  f=  4065  p1=0x00D4  p2=0x000E
  f=  4066  p1=0x00D4  p2=0x000E
  f=  4067  p1=0x00D4  p2=0x000E
  f=  4068  p1=0x00D4  p2=0x000E

reacted: False  latency_frames: None

============================================================
Result
============================================================
  marth_was_in_catch_at_trigger = True
  fox_didnt_react_in_vanilla    = True

[PASS] scenario driver runs, trigger lands in MEM1, and Fox stays neutral without a macro -- baseline locked.
